<?xml version="1.0"?>
<testsuites>
  <testsuite name="Listar produtos" file="Produtos\Listar produtos.yml" errors="0" failures="0" skipped="0" tests="4" timestamp="2026-09-11T16:55:12.477" hostname="CybeRafa" time="0.281">
    <testcase name="res.status eq 200" status="pass" classname="Produtos\Listar produtos" time="0.070"/>
    <testcase name="res.body.produtos isArray" status="pass" classname="Produtos\Listar produtos" time="0.070"/>
    <testcase name="Content-Type é JSON" status="pass" classname="Produtos\Listar produtos" time="0.070"/>
    <testcase name="Todo produto tem preço mínimo de R$ 1" status="pass" classname="Produtos\Listar produtos" time="0.070"/>
  </testsuite>
  <testsuite name="Criar Usuario" file="Usuarios\Criar Usuario.yml" errors="0" failures="0" skipped="0" tests="4" timestamp="2026-09-11T16:55:12.477" hostname="CybeRafa" time="0.277">
    <testcase name="res.status eq 201" status="pass" classname="Usuarios\Criar Usuario" time="0.069"/>
    <testcase name="res.body._id isDefined" status="pass" classname="Usuarios\Criar Usuario" time="0.069"/>
    <testcase name="res.body.message eq Cadastro realizado com sucesso" status="pass" classname="Usuarios\Criar Usuario" time="0.069"/>
    <testcase name="Resposta tem menos 100ms" status="pass" classname="Usuarios\Criar Usuario" time="0.069"/>
  </testsuite>
  <testsuite name="Buscar usuario por ID" file="Usuarios\Buscar usuario por ID.yml" errors="0" failures="0" skipped="0" tests="0" timestamp="2026-09-11T16:55:12.477" hostname="CybeRafa" time="0.008"/>
  <testsuite name="Alterar Usuario" file="Usuarios\Alterar Usuario.yml" errors="0" failures="0" skipped="0" tests="0" timestamp="2026-09-11T16:55:12.477" hostname="CybeRafa" time="0.007"/>
  <testsuite name="Excluir Usuario" file="Usuarios\Excluir Usuario.yml" errors="0" failures="0" skipped="0" tests="0" timestamp="2026-09-11T16:55:12.477" hostname="CybeRafa" time="0.007"/>
  <testsuite name="Login" file="login\Login.yml" errors="0" failures="0" skipped="0" tests="0" timestamp="2026-09-11T16:55:12.477" hostname="CybeRafa" time="0.087"/>
  <testsuite name="Criar carrinho" file="carrinhos\Criar carrinho.yml" errors="0" failures="0" skipped="0" tests="0" timestamp="2026-09-11T16:55:12.477" hostname="CybeRafa" time="0.009"/>
</testsuites>